<html>
<body>
<pre>
<h1>µVision Build Log</h1>
<h2>Tool Versions:</h2>
IDE-Version: •ÏVision V5.24.2.0
Copyright (C) 2017 ARM Ltd and ARM Germany GmbH. All rights reserved.
License Information: Jinho Lee, Maze, Dankook Univ., LIC=32BTG-V5JEZ-IH88E-57UA8-E4BUW-C6S20
 
Tool Versions:
Toolchain:       MDK-ARM Plus  Version: 5.24.1
Toolchain Path:  C:\Keil_v5\ARM\ARMCC\Bin
C Compiler:      Armcc.exe V5.06 update 5 (build 528)
Assembler:       Armasm.exe V5.06 update 5 (build 528)
Linker/Locator:  ArmLink.exe V5.06 update 5 (build 528)
Library Manager: ArmAr.exe V5.06 update 5 (build 528)
Hex Converter:   FromElf.exe V5.06 update 5 (build 528)
CPU DLL:         SARMCM3.DLL V5.24.1
Dialog DLL:      DCM.DLL V1.16.0.0
Target DLL:      STLink\ST-LINKIII-KEIL_SWO.dll V3.0.1.0
Dialog DLL:      TCM.DLL V1.32.0.0
 
<h2>Project:</h2>
C:\Users\¿Ã¡¯»£\Desktop\2021MAZE\2021Exhibition\M4_Exhi\M4_Exhi.uvprojx
Project File Date:  01/22/2021

<h2>Output:</h2>
*** Using Compiler 'V5.06 update 5 (build 528)', folder: 'C:\Keil_v5\ARM\ARMCC\Bin'
Build target 'STM32F407VGT'
compiling misc.c...
compiling pwm.c...
compiling main.c...
compiling uart.c...
User\src\uart.c(59): warning:  #223-D: function "vsprintf" declared implicitly
      vsprintf(Buff, Form, ArgPtr);
User\src\uart.c: 1 warning, 0 errors
compiling rcc.c...
compiling gpio.c...
compiling stm32f4xx_it.c...
compiling stm32f4xx_adc.c...
compiling stm32f4xx_can.c...
compiling system_stm32f4xx.c...
compiling timer.c...
compiling stm32f4xx_cec.c...
compiling stm32f4xx_crc.c...
compiling stm32f4xx_dbgmcu.c...
compiling stm32f4xx_cryp_tdes.c...
compiling stm32f4xx_cryp_des.c...
compiling stm32f4xx_dcmi.c...
compiling stm32f4xx_dac.c...
compiling stm32f4xx_dfsdm.c...
compiling stm32f4xx_dma.c...
compiling stm32f4xx_cryp.c...
compiling stm32f4xx_cryp_aes.c...
compiling stm32f4xx_dsi.c...
compiling stm32f4xx_flash_ramfunc.c...
compiling stm32f4xx_exti.c...
compiling stm32f4xx_hash_md5.c...
compiling stm32f4xx_flash.c...
compiling stm32f4xx_fmpi2c.c...
compiling stm32f4xx_gpio.c...
compiling stm32f4xx_fsmc.c...
compiling stm32f4xx_dma2d.c...
compiling stm32f4xx_hash_sha1.c...
compiling stm32f4xx_hash.c...
compiling stm32f4xx_lptim.c...
compiling stm32f4xx_rng.c...
compiling stm32f4xx_spdifrx.c...
compiling stm32f4xx_iwdg.c...
compiling stm32f4xx_sdio.c...
compiling stm32f4xx_i2c.c...
compiling stm32f4xx_qspi.c...
compiling stm32f4xx_pwr.c...
compiling stm32f4xx_rcc.c...
compiling stm32f4xx_ltdc.c...
compiling stm32f4xx_rtc.c...
compiling stm32f4xx_syscfg.c...
compiling stm32f4xx_wwdg.c...
compiling stm32f4xx_spi.c...
compiling stm32f4xx_usart.c...
compiling stm32f4xx_tim.c...
linking...
Program Size: Code=5100 RO-data=424 RW-data=76 ZI-data=1636  
".\Objects\M4_Exhi.axf" - 0 Error(s), 1 Warning(s).

<h2>Software Packages used:</h2>

Package Vendor: ARM
                http://www.keil.com/pack/ARM.CMSIS.5.6.0.pack
                ARM.CMSIS.5.6.0
                CMSIS (Cortex Microcontroller Software Interface Standard)
   * Component: CORE Version: 5.3.0

Package Vendor: Keil
                http://www.keil.com/pack/Keil.STM32F4xx_DFP.2.14.0.pack
                Keil.STM32F4xx_DFP.2.14.0
                STMicroelectronics STM32F4 Series Device Support, Drivers and Examples

<h2>Collection of Component include folders:</h2>
  .\RTE\_STM32F407VGT
  C:\Keil_v5\ARM\PACK\ARM\CMSIS\5.6.0\CMSIS\Core\Include
  C:\Keil_v5\ARM\PACK\Keil\STM32F4xx_DFP\2.14.0\Drivers\CMSIS\Device\ST\STM32F4xx\Include

<h2>Collection of Component Files used:</h2>

   * Component: ARM::CMSIS:CORE:5.3.0
Build Time Elapsed:  00:00:13
</pre>
</body>
</html>
